// 重构日志: 214b8487
// 同步 ID: 50599acc @ Fri Jul 17 15:53:29 UTC 2026
// 重构日志: af015f02
// 重构日志: baa18b0b
// 重构日志: 414af330
// 重构日志: 1f027b11
// 重构日志: c74a67cd
// 重构日志: b8403cae
// 重构日志: d6f09a25
// 重构日志: a2395597
// 重构日志: a14b46ad
// 重构日志: 708e17ac
// 同步 ID: b4fe9159 @ Tue Jul 21 13:28:32 UTC 2026
// 重构日志: ca475dbd
// 重构日志: 8506dc56
// 重构日志: 7babd39c
// 重构日志: 1e679b7e
// 同步 ID: 79dacce8 @ Wed Jul 22 11:31:26 UTC 2026
// 同步 ID: 356fbf4e @ Wed Jul 22 17:14:25 UTC 2026
// 重构日志: e6894583
// 重构日志: f367963d
// 重构日志: 00b47352
// 重构日志: a3cc64b7
// 同步 ID: 79e71f46 @ Fri Jul 24 04:56:29 UTC 2026
// 同步 ID: c79dcaa1 @ Fri Jul 24 11:19:19 UTC 2026
// 重构日志: d54db611
// 重构日志: e5daf7f9
// 重构日志: d982535c
// 重构日志: bdaf5a49
// 同步 ID: 456de656 @ Sat Jul 25 15:59:24 UTC 2026
